main.c:92:6:setTimer0	16	static
main.c:97:6:timer_run	4	static
main.c:104:6:HAL_UART_RxCpltCallback	16	static
main.c:114:6:command_parser_fsm	16	static
main.c:137:6:uart_communication_fsm	8	static
main.c:187:5:main	8	static
main.c:237:6:SystemClock_Config	88	static
main.c:280:13:MX_ADC1_Init	24	static
main.c:325:13:MX_TIM2_Init	32	static
main.c:370:13:MX_USART2_UART_Init	8	static
main.c:403:13:MX_GPIO_Init	32	static
main.c:429:6:HAL_TIM_PeriodElapsedCallback	16	static
main.c:438:6:Error_Handler	4	static,ignoring_inline_asm
