main.c:92:6:setTimer0	16	static
main.c:97:6:timer_run	4	static
main.c:104:6:HAL_UART_RxCpltCallback	16	static
main.c:114:6:command_parser_fsm	16	static
main.c:136:6:uart_communication_fsm	8	static
main.c:189:5:main	8	static
main.c:239:6:SystemClock_Config	88	static
main.c:282:13:MX_ADC1_Init	24	static
main.c:327:13:MX_TIM2_Init	32	static
main.c:372:13:MX_USART2_UART_Init	8	static
main.c:405:13:MX_GPIO_Init	32	static
main.c:431:6:HAL_TIM_PeriodElapsedCallback	16	static
main.c:440:6:Error_Handler	4	static,ignoring_inline_asm
